Resolving dependencies...
Downloading packages...
  _fe_analyzer_shared 99.0.0 (104.0.0 available)
  _flutterfire_internals 1.3.72 (1.3.73 available)
  analyzer 12.1.0 (14.0.0 available)
  analyzer_buffer 0.3.2 (0.3.3 available)
  camera_web 0.3.5+3 (0.3.5+4 available)
  cli_util 0.4.2 (0.5.1 available)
  dart_style 3.1.8 (3.1.9 available)
  drift 2.33.0 (2.34.0 available)
  drift_dev 2.33.0 (2.34.1+1 available)
  file_picker 12.0.0-beta.5 (12.0.0-beta.7 available)
  firebase_auth 6.5.2 (6.5.4 available)
  firebase_auth_platform_interface 9.0.2 (9.0.3 available)
  firebase_auth_web 6.2.2 (6.2.3 available)
  firebase_core 4.10.0 (4.11.0 available)
  firebase_core_platform_interface 7.0.1 (7.1.0 available)
  firebase_core_web 3.8.0 (3.9.0 available)
  firebase_messaging 16.3.0 (16.4.1 available)
  firebase_messaging_platform_interface 4.8.0 (4.9.0 available)
  firebase_messaging_web 4.2.0 (4.2.1 available)
  flutter_local_notifications 22.0.0 (22.0.1 available)
  flutter_local_notifications_windows 3.1.0 (3.1.1 available)
  flutter_riverpod 3.3.1 (3.3.2 available)
  flutter_secure_storage_darwin 0.3.2 (0.4.0 available)
  geolocator 14.0.2 (14.0.3 available)
  geolocator_android 5.0.2 (5.0.3 available)
  geolocator_apple 2.3.13 (2.3.14 available)
  geolocator_linux 0.2.5 (0.2.6 available)
  geolocator_platform_interface 4.2.7 (4.2.8 available)
  geolocator_web 4.1.3 (4.1.4 available)
  image 4.8.0 (4.9.1 available)
  latlong2 0.9.1 (0.10.1 available)
  matcher 0.12.19 (0.12.20 available)
  meta 1.18.0 (1.18.3 available)
  mockito 5.6.4 (5.7.0 available)
  package_config 2.2.0 (3.0.0 available)
  path_provider 2.1.5 (2.1.6 available)
  path_provider_platform_interface 2.1.2 (2.1.3 available)
  pdf 3.12.0 (3.13.0 available)
  qr 3.0.2 (4.0.0 available)
  riverpod 3.2.1 (3.3.2 available)
  riverpod_annotation 4.0.2 (4.0.3 available)
  riverpod_generator 4.0.4-dev.1 (4.0.4 available)
  shared_preferences_android 2.4.25 (2.4.26 available)
  sqflite_common 2.5.9 (2.5.11 available)
  sqlite3 3.3.2 (3.3.3 available)
  sqlparser 0.44.4 (0.44.5 available)
  sse_channel 0.1.1 (0.2.2 available)
  test 1.31.0 (1.31.1 available)
  test_api 0.7.11 (0.7.12 available)
  test_core 0.6.17 (0.6.18 available)
  vector_math 2.2.0 (2.4.0 available)
  xml 6.6.1 (7.0.1 available)
Got dependencies!
52 packages have newer versions incompatible with dependency constraints.
Try `flutter pub outdated` for more information.
00:00 +0: loading C:/Users/tbr_a/Documents/Zorvian ERP/frontend/test/widget_test.dart
00:00 +0: App renders login page
══╡ EXCEPTION CAUGHT BY FLUTTER FRAMEWORK ╞═════════════════════════════════════════════════════════
The following assertion was thrown:
ListTile background color or ink splashes may be invisible.
The ListTile is wrapped in a DecoratedBox that has a background color. Because ListTile paints its
background and ink splashes on the nearest Material ancestor, this DecoratedBox will hide those
effects.
To fix this, wrap the ListTile in its own Material widget, or remove the background color from the
intermediate DecoratedBox.

ListTile:
  ListTile(dense: true, selectedColor: Color(alpha: 1.0000, red: 0.4863, green: 0.3020, blue: 1.0000, colorSpace: ColorSpace.sRGB), contentPadding: EdgeInsets.zero, onTap: Closure: () => void from Function '_handleValueChange@2514134056':.)
DecoratedBox:
  DecoratedBox(bg: BoxDecoration(color: Color(alpha: 0.0300, red: 1.0000, green: 1.0000, blue: 1.0000, colorSpace: ColorSpace.sRGB), border: Border.all(BorderSide(color: Color(alpha: 0.0800, red: 1.0000, green: 1.0000, blue: 1.0000, colorSpace: ColorSpace.sRGB), width: 1.5)), borderRadius: BorderRadius.circular(28.0), gradient: LinearGradient(begin: Alignment.topLeft, end: Alignment.bottomRight, colors: [Color(alpha: 0.0500, red: 1.0000, green: 1.0000, blue: 1.0000, colorSpace: ColorSpace.sRGB), Color(alpha: 0.0100, red: 1.0000, green: 1.0000, blue: 1.0000, colorSpace: ColorSpace.sRGB)], tileMode: TileMode.clamp)))
════════════════════════════════════════════════════════════════════════════════════════════════════
00:01 +0 -1: App renders login page [E]
  Test failed. See exception logs above.
  The test description was: App renders login page
  
00:01 +0 -1: Some tests failed.

Failing tests:
  C:/Users/tbr_a/Documents/Zorvian ERP/frontend/test/widget_test.dart: App renders login page
