﻿  Determinando los proyectos que se van a restaurar...
  Todos los proyectos est├ín actualizados para la restauraci├│n.
  Zorvian.Core -> C:\Users\tbr_a\Documents\Zorvian ERP\src\Zorvian.Core\bin\Debug\net9.0\Zorvian.Core.dll
C:\Users\tbr_a\Documents\Zorvian ERP\src\Zorvian.Application\Interfaces\IDocumentService.cs(7,11): error CS8954: El archivo de origen solo puede contener una declaraci├│n de espacio de nombres con ├ímbito de archivo. [C:\Users\tbr_a\Documents\Zorvian ERP\src\Zorvian.Application\Zorvian.Application.csproj]
C:\Users\tbr_a\Documents\Zorvian ERP\src\Zorvian.Application\Interfaces\IDocumentService.cs(5,15): error CS0234: El tipo o el nombre del espacio de nombres 'Core' no existe en el espacio de nombres 'Zorvian.Application.Interfaces.Zorvian' (┬┐falta alguna referencia de ensamblado?) [C:\Users\tbr_a\Documents\Zorvian ERP\src\Zorvian.Application\Zorvian.Application.csproj]
C:\Users\tbr_a\Documents\Zorvian ERP\src\Zorvian.Application\Services\Documentary\DocumentGenerationService.cs(8,22): error CS0246: El nombre del tipo o del espacio de nombres 'IDocumentService' no se encontr├│ (┬┐falta una directiva using o una referencia de ensamblado?) [C:\Users\tbr_a\Documents\Zorvian ERP\src\Zorvian.Application\Zorvian.Application.csproj]
C:\Users\tbr_a\Documents\Zorvian ERP\src\Zorvian.Application\Services\Documentary\DocumentGenerationService.cs(13,9): error CS0246: El nombre del tipo o del espacio de nombres 'IDocumentService' no se encontr├│ (┬┐falta una directiva using o una referencia de ensamblado?) [C:\Users\tbr_a\Documents\Zorvian ERP\src\Zorvian.Application\Zorvian.Application.csproj]
C:\Users\tbr_a\Documents\Zorvian ERP\src\Zorvian.Application\Services\Documentary\DocumentService.cs(8,39): error CS0246: El nombre del tipo o del espacio de nombres 'IDocumentService' no se encontr├│ (┬┐falta una directiva using o una referencia de ensamblado?) [C:\Users\tbr_a\Documents\Zorvian ERP\src\Zorvian.Application\Zorvian.Application.csproj]

ERROR al compilar.

C:\Users\tbr_a\Documents\Zorvian ERP\src\Zorvian.Application\Interfaces\IDocumentService.cs(7,11): error CS8954: El archivo de origen solo puede contener una declaraci├│n de espacio de nombres con ├ímbito de archivo. [C:\Users\tbr_a\Documents\Zorvian ERP\src\Zorvian.Application\Zorvian.Application.csproj]
C:\Users\tbr_a\Documents\Zorvian ERP\src\Zorvian.Application\Interfaces\IDocumentService.cs(5,15): error CS0234: El tipo o el nombre del espacio de nombres 'Core' no existe en el espacio de nombres 'Zorvian.Application.Interfaces.Zorvian' (┬┐falta alguna referencia de ensamblado?) [C:\Users\tbr_a\Documents\Zorvian ERP\src\Zorvian.Application\Zorvian.Application.csproj]
C:\Users\tbr_a\Documents\Zorvian ERP\src\Zorvian.Application\Services\Documentary\DocumentGenerationService.cs(8,22): error CS0246: El nombre del tipo o del espacio de nombres 'IDocumentService' no se encontr├│ (┬┐falta una directiva using o una referencia de ensamblado?) [C:\Users\tbr_a\Documents\Zorvian ERP\src\Zorvian.Application\Zorvian.Application.csproj]
C:\Users\tbr_a\Documents\Zorvian ERP\src\Zorvian.Application\Services\Documentary\DocumentGenerationService.cs(13,9): error CS0246: El nombre del tipo o del espacio de nombres 'IDocumentService' no se encontr├│ (┬┐falta una directiva using o una referencia de ensamblado?) [C:\Users\tbr_a\Documents\Zorvian ERP\src\Zorvian.Application\Zorvian.Application.csproj]
C:\Users\tbr_a\Documents\Zorvian ERP\src\Zorvian.Application\Services\Documentary\DocumentService.cs(8,39): error CS0246: El nombre del tipo o del espacio de nombres 'IDocumentService' no se encontr├│ (┬┐falta una directiva using o una referencia de ensamblado?) [C:\Users\tbr_a\Documents\Zorvian ERP\src\Zorvian.Application\Zorvian.Application.csproj]
    0 Advertencia(s)
    5 Errores

Tiempo transcurrido 00:00:01.12
